## createdOrganizer
🎉 <b>Nova reserva</b>

👤 Anne &amp; Co &lt;&quot;anne&quot;&gt; (@anne)
📌 <b>Yoga &lt;Morning&gt; Flow</b>
🗓 sáb., 25 de jul. de 2026, 07:00
👥 2 vagas
🔖 Mat rental, Towel +2€
💰 15 EUR

🎟 3 vagas ainda disponíveis.
[button] Abrir no painel → https://example.com/cabinet
## createdGuest
✅ <b>Reserva confirmada</b> com Mira &amp; Yoga

📌 <b>Yoga &lt;Morning&gt; Flow</b>
🗓 sáb., 25 de jul. de 2026, 07:00
👥 2 vagas
🔖 Mat rental, Towel +2€
💰 15 EUR
📍 Studio 5 &lt;Main Hall&gt;
☎️ +381 60 123 4567

Precisa mudar seus planos? Use o botão abaixo.
[button] Gerenciar minha reserva → https://example.com/booking/tok-abc123
## cancelledOrganizer
❌ <b>Reserva cancelada</b>

👤 Anne &amp; Co &lt;&quot;anne&quot;&gt; (@anne)
📌 <b>Yoga &lt;Morning&gt; Flow</b>
🗓 sáb., 25 de jul. de 2026, 07:00
👥 2 vagas
🔖 Mat rental, Towel +2€
💰 15 EUR

🎟 3 vagas disponíveis agora nesta sessão.
[button] Abrir no painel → https://example.com/cabinet
## cancelledGuest
❌ <b>Sua reserva foi cancelada</b> por Mira &amp; Yoga

📌 <b>Yoga &lt;Morning&gt; Flow</b>
🗓 sáb., 25 de jul. de 2026, 07:00
👥 2 vagas
🔖 Mat rental, Towel +2€
💰 15 EUR
📍 Studio 5 &lt;Main Hall&gt;
☎️ +381 60 123 4567

Sentimos muito — você pode escolher outra sessão abaixo.
[button] Ver outras sessões → https://example.com/test-org