## createdOrganizer
🎉 <b>حجز جديد</b>

👤 Anne &amp; Co &lt;&quot;anne&quot;&gt; (@anne)
📌 <b>Yoga &lt;Morning&gt; Flow</b>
🗓 سبت، 25 يوليو 2026، 07:00
👥 مكانان
🔖 Mat rental, Towel +2€
💰 15 EUR

🎟 ما زالت 3 أماكن متاحة.
[button] فتح في لوحة التحكم → https://example.com/cabinet
## createdGuest
✅ <b>تم تأكيد الحجز</b> لدى Mira &amp; Yoga

📌 <b>Yoga &lt;Morning&gt; Flow</b>
🗓 سبت، 25 يوليو 2026، 07:00
👥 مكانان
🔖 Mat rental, Towel +2€
💰 15 EUR
📍 Studio 5 &lt;Main Hall&gt;
☎️ +381 60 123 4567

هل تريد تغيير خططك؟ استخدم الزر أدناه.
[button] إدارة حجزي → https://example.com/booking/tok-abc123
## cancelledOrganizer
❌ <b>أُلغي الحجز</b>

👤 Anne &amp; Co &lt;&quot;anne&quot;&gt; (@anne)
📌 <b>Yoga &lt;Morning&gt; Flow</b>
🗓 سبت، 25 يوليو 2026، 07:00
👥 مكانان
🔖 Mat rental, Towel +2€
💰 15 EUR

🎟 أصبحت 3 أماكن متاحة الآن في هذه الجلسة.
[button] فتح في لوحة التحكم → https://example.com/cabinet
## cancelledGuest
❌ <b>أُلغي حجزك</b> بواسطة Mira &amp; Yoga

📌 <b>Yoga &lt;Morning&gt; Flow</b>
🗓 سبت، 25 يوليو 2026، 07:00
👥 مكانان
🔖 Mat rental, Towel +2€
💰 15 EUR
📍 Studio 5 &lt;Main Hall&gt;
☎️ +381 60 123 4567

نأسف لذلك — يمكنك اختيار جلسة أخرى أدناه.
[button] عرض الجلسات الأخرى → https://example.com/test-org